# serializer version: 1
# name: test_text_summary
  list([
    list([
      'Date:',
      '2024-03',
    ]),
    list([
      'Bob',
      'commits:',
      '2',
      'changes:',
      '720',
    ]),
    list([
      'Charlie',
      'commits:',
      '1',
      'changes:',
      '239',
    ]),
    list([
      'Alice',
      'commits:',
      '1',
      'changes:',
      '683',
    ]),
    list([
      'Total',
      'commits:',
      '4',
      'changes:',
      '1642',
    ]),
    list([
      'Average',
      'commits:',
      '1',
      'changes:',
      '547',
    ]),
    list([
    ]),
    list([
      'Date:',
      '2024-04',
    ]),
    list([
      'Alice',
      'commits:',
      '2',
      'changes:',
      '984',
    ]),
    list([
      'Bob',
      'commits:',
      '3',
      'changes:',
      '171',
    ]),
    list([
      'Charlie',
      'commits:',
      '1',
      'changes:',
      '202',
    ]),
    list([
      'Total',
      'commits:',
      '6',
      'changes:',
      '1357',
    ]),
    list([
      'Average',
      'commits:',
      '2',
      'changes:',
      '452',
    ]),
  ])
# ---
